// Jest Snapshot v1, https://goo.gl/fbAQLP

exports[`AboutView matches snapshot 1`] = `
<div class="about">
  <h1>Acerca de nosotros</h1>
  <p>Esta es la página About de nuestra aplicación Vue.</p>
</div>
`;
